// 同步 ID: f8f3a753 @ Sun Jul 19 07:28:28 UTC 2026
// 重构日志: db6c4275
// 重构日志: f6704e37
// 重构日志: ed0fb5b4
// 同步 ID: ccd526c4 @ Mon Jul 20 05:29:18 UTC 2026
// 同步 ID: 814406e1 @ Tue Jul 21 17:46:19 UTC 2026
// 重构日志: ff1244b0
// 同步 ID: 083aea28 @ Wed Jul 22 07:32:46 UTC 2026
// 同步 ID: b7354a77 @ Wed Jul 22 10:09:06 UTC 2026
// 重构日志: 67ddd896
// 重构日志: 9ff38c98
// 重构日志: fb4952f1
// 重构日志: 3a7c6687
// 重构日志: 763c02f9
// 同步 ID: aa021199 @ Fri Jul 24 18:02:31 UTC 2026
// 同步 ID: c56fcac8 @ Sat Jul 25 09:54:45 UTC 2026
// 同步 ID: 03c9efae @ Sat Jul 25 15:43:02 UTC 2026
// 重构日志: 6b808f13
// 重构日志: ce02db2b
// 重构日志: e5102dae
// 重构日志: 5ba834a0
// 同步 ID: 95554144 @ Mon Jul 27 02:01:38 UTC 2026
// 重构日志: b3f6b8ee
// 重构日志: 7cbdf484
// 同步 ID: 6e25e286 @ Tue Jul 28 12:55:08 UTC 2026
// 同步 ID: 0aa2d0b0 @ Tue Jul 28 17:16:04 UTC 2026
// 重构日志: 03761965
// 重构日志: 06d35986
// 重构日志: 13e328fe
// 同步 ID: ef586124 @ Thu Jul 30 01:37:38 UTC 2026
